
==========================================================================
resizer report_tns
--------------------------------------------------------------------------
tns max -11.87

==========================================================================
resizer report_wns
--------------------------------------------------------------------------
wns max -0.55

==========================================================================
resizer report_worst_slack
--------------------------------------------------------------------------
worst slack max -0.55

==========================================================================
resizer report_clock_min_period
--------------------------------------------------------------------------
clk period_min = 6.55 fmax = 152.63

==========================================================================
resizer report_checks -path_delay min
--------------------------------------------------------------------------
Startpoint: dp.pcreg.q[1]$_DFFE_PP0P_
            (rising edge-triggered flip-flop clocked by clk)
Endpoint: dp.pcreg.q[1]$_DFFE_PP0P_
          (rising edge-triggered flip-flop clocked by clk)
Path Group: clk
Path Type: min

Fanout     Cap    Slew   Delay    Time   Description
-----------------------------------------------------------------------------
                  0.00    0.00    0.00   clock clk (rise edge)
                          0.00    0.00   clock network delay (ideal)
                  0.00    0.00    0.00 ^ dp.pcreg.q[1]$_DFFE_PP0P_/CLK (sky130_fd_sc_hd__dfrtp_1)
     4    0.01    0.13    0.37    0.37 ^ dp.pcreg.q[1]$_DFFE_PP0P_/Q (sky130_fd_sc_hd__dfrtp_1)
                                         net142 (net)
                  0.13    0.00    0.37 ^ _6825_/A1 (sky130_fd_sc_hd__mux2_1)
     1    0.00    0.04    0.14    0.51 ^ _6825_/X (sky130_fd_sc_hd__mux2_1)
                                         _3646_ (net)
                  0.04    0.00    0.51 ^ dp.pcreg.q[1]$_DFFE_PP0P_/D (sky130_fd_sc_hd__dfrtp_1)
                                  0.51   data arrival time

                  0.00    0.00    0.00   clock clk (rise edge)
                          0.00    0.00   clock network delay (ideal)
                          0.00    0.00   clock reconvergence pessimism
                                  0.00 ^ dp.pcreg.q[1]$_DFFE_PP0P_/CLK (sky130_fd_sc_hd__dfrtp_1)
                         -0.04   -0.04   library hold time
                                 -0.04   data required time
-----------------------------------------------------------------------------
                                 -0.04   data required time
                                 -0.51   data arrival time
-----------------------------------------------------------------------------
                                  0.55   slack (MET)



==========================================================================
resizer report_checks -path_delay max
--------------------------------------------------------------------------
Startpoint: dp.rf.rf[31][4]$_DFFE_PP_
            (rising edge-triggered flip-flop clocked by clk)
Endpoint: aluout[19] (output port clocked by clk)
Path Group: clk
Path Type: max

Fanout     Cap    Slew   Delay    Time   Description
-----------------------------------------------------------------------------
                  0.00    0.00    0.00   clock clk (rise edge)
                          0.00    0.00   clock network delay (ideal)
                  0.00    0.00    0.00 ^ dp.rf.rf[31][4]$_DFFE_PP_/CLK (sky130_fd_sc_hd__edfxtp_1)
     2    0.00    0.08    0.35    0.35 v dp.rf.rf[31][4]$_DFFE_PP_/Q (sky130_fd_sc_hd__edfxtp_1)
                                         _0969_ (net)
                  0.08    0.00    0.35 v _7052_/A3 (sky130_fd_sc_hd__mux4_2)
     1    0.01    0.09    0.49    0.84 v _7052_/X (sky130_fd_sc_hd__mux4_2)
                                         _3844_ (net)
                  0.09    0.00    0.84 v _7056_/A0 (sky130_fd_sc_hd__mux4_2)
     1    0.00    0.08    0.46    1.30 v _7056_/X (sky130_fd_sc_hd__mux4_2)
                                         _3848_ (net)
                  0.08    0.00    1.30 v _7057_/B (sky130_fd_sc_hd__nand2_1)
     1    0.02    0.17    0.16    1.46 ^ _7057_/Y (sky130_fd_sc_hd__nand2_1)
                                         _3849_ (net)
                  0.17    0.00    1.46 ^ _7058_/B (sky130_fd_sc_hd__nand2_1)
     2    0.02    0.16    0.18    1.64 v _7058_/Y (sky130_fd_sc_hd__nand2_1)
                                         net190 (net)
                  0.16    0.00    1.64 v _7060_/A1 (sky130_fd_sc_hd__mux2i_1)
     2    0.01    0.33    0.33    1.98 ^ _7060_/Y (sky130_fd_sc_hd__mux2i_1)
                                         _3851_ (net)
                  0.33    0.00    1.98 ^ _7061_/B (sky130_fd_sc_hd__xnor2_1)
     2    0.01    0.20    0.19    2.17 ^ _7061_/Y (sky130_fd_sc_hd__xnor2_1)
                                         _3852_ (net)
                  0.20    0.00    2.17 ^ _7062_/A (sky130_fd_sc_hd__clkinv_1)
     2    0.01    0.10    0.15    2.32 v _7062_/Y (sky130_fd_sc_hd__clkinv_1)
                                         _3853_ (net)
                  0.10    0.00    2.32 v dp.alu.sum\\ALU_33_0_33_0_33_unused_CO_X_HAN_CARLSON/_310_/A (sky130_fd_sc_hd__ha_1)
     3    0.01    0.08    0.35    2.67 v dp.alu.sum\\ALU_33_0_33_0_33_unused_CO_X_HAN_CARLSON/_310_/SUM (sky130_fd_sc_hd__ha_1)
                                         dp.alu.sum\\ALU_33_0_33_0_33_unused_CO_X_HAN_CARLSON/_058_ (net)
                  0.08    0.00    2.67 v dp.alu.sum\\ALU_33_0_33_0_33_unused_CO_X_HAN_CARLSON/_523_/A2 (sky130_fd_sc_hd__a21oi_1)
     2    0.01    0.16    0.19    2.86 ^ dp.alu.sum\\ALU_33_0_33_0_33_unused_CO_X_HAN_CARLSON/_523_/Y (sky130_fd_sc_hd__a21oi_1)
                                         dp.alu.sum\\ALU_33_0_33_0_33_unused_CO_X_HAN_CARLSON/_247_ (net)
                  0.16    0.00    2.86 ^ dp.alu.sum\\ALU_33_0_33_0_33_unused_CO_X_HAN_CARLSON/_535_/A1 (sky130_fd_sc_hd__o21ai_0)
     1    0.00    0.08    0.11    2.98 v dp.alu.sum\\ALU_33_0_33_0_33_unused_CO_X_HAN_CARLSON/_535_/Y (sky130_fd_sc_hd__o21ai_0)
                                         dp.alu.sum\\ALU_33_0_33_0_33_unused_CO_X_HAN_CARLSON/_257_ (net)
                  0.08    0.00    2.98 v dp.alu.sum\\ALU_33_0_33_0_33_unused_CO_X_HAN_CARLSON/_536_/B1 (sky130_fd_sc_hd__a21oi_1)
     3    0.02    0.43    0.36    3.34 ^ dp.alu.sum\\ALU_33_0_33_0_33_unused_CO_X_HAN_CARLSON/_536_/Y (sky130_fd_sc_hd__a21oi_1)
                                         dp.alu.sum\\ALU_33_0_33_0_33_unused_CO_X_HAN_CARLSON/_258_ (net)
                  0.43    0.00    3.34 ^ dp.alu.sum\\ALU_33_0_33_0_33_unused_CO_X_HAN_CARLSON/_559_/A1 (sky130_fd_sc_hd__o21ba_1)
     2    0.01    0.08    0.22    3.56 ^ dp.alu.sum\\ALU_33_0_33_0_33_unused_CO_X_HAN_CARLSON/_559_/X (sky130_fd_sc_hd__o21ba_1)
                                         dp.alu.sum\\ALU_33_0_33_0_33_unused_CO_X_HAN_CARLSON/_277_ (net)
                  0.08    0.00    3.56 ^ dp.alu.sum\\ALU_33_0_33_0_33_unused_CO_X_HAN_CARLSON/_367_/A1 (sky130_fd_sc_hd__o21ai_0)
     1    0.02    0.25    0.23    3.79 v dp.alu.sum\\ALU_33_0_33_0_33_unused_CO_X_HAN_CARLSON/_367_/Y (sky130_fd_sc_hd__o21ai_0)
                                         dp.alu.sum\\ALU_33_0_33_0_33_unused_CO_X_HAN_CARLSON/_108_ (net)
                  0.25    0.00    3.79 v dp.alu.sum\\ALU_33_0_33_0_33_unused_CO_X_HAN_CARLSON/_368_/B (sky130_fd_sc_hd__xor2_1)
     1    0.00    0.13    0.22    4.01 v dp.alu.sum\\ALU_33_0_33_0_33_unused_CO_X_HAN_CARLSON/_368_/X (sky130_fd_sc_hd__xor2_1)
                                         dp.alu.sum[19] (net)
                  0.13    0.00    4.01 v _6394_/A1 (sky130_fd_sc_hd__a2111oi_0)
     1    0.00    0.41    0.43    4.43 ^ _6394_/Y (sky130_fd_sc_hd__a2111oi_0)
                                         _3227_ (net)
                  0.41    0.00    4.43 ^ place1028/A (sky130_fd_sc_hd__buf_4)
     1    0.01    0.05    0.20    4.64 ^ place1028/X (sky130_fd_sc_hd__buf_4)
                                         net1024 (net)
                  0.05    0.00    4.64 ^ _6398_/A1 (sky130_fd_sc_hd__o21ai_0)
     1    0.01    0.14    0.14    4.78 v _6398_/Y (sky130_fd_sc_hd__o21ai_0)
                                         net107 (net)
                  0.14    0.00    4.78 v place1009/A (sky130_fd_sc_hd__buf_4)
     2    0.01    0.03    0.18    4.95 v place1009/X (sky130_fd_sc_hd__buf_4)
                                         net1005 (net)
                  0.03    0.00    4.95 v output111/A (sky130_fd_sc_hd__clkdlybuf4s50_1)
     1    0.00    0.04    0.40    5.35 v output111/X (sky130_fd_sc_hd__clkdlybuf4s50_1)
                                         aluout[19] (net)
                  0.04    0.00    5.35 v aluout[19] (out)
                                  5.35   data arrival time

                  0.00    6.00    6.00   clock clk (rise edge)
                          0.00    6.00   clock network delay (ideal)
                          0.00    6.00   clock reconvergence pessimism
                         -1.20    4.80   output external delay
                                  4.80   data required time
-----------------------------------------------------------------------------
                                  4.80   data required time
                                 -5.35   data arrival time
-----------------------------------------------------------------------------
                                 -0.55   slack (VIOLATED)



==========================================================================
resizer report_checks -unconstrained
--------------------------------------------------------------------------
Startpoint: dp.rf.rf[31][4]$_DFFE_PP_
            (rising edge-triggered flip-flop clocked by clk)
Endpoint: aluout[19] (output port clocked by clk)
Path Group: clk
Path Type: max

Fanout     Cap    Slew   Delay    Time   Description
-----------------------------------------------------------------------------
                  0.00    0.00    0.00   clock clk (rise edge)
                          0.00    0.00   clock network delay (ideal)
                  0.00    0.00    0.00 ^ dp.rf.rf[31][4]$_DFFE_PP_/CLK (sky130_fd_sc_hd__edfxtp_1)
     2    0.00    0.08    0.35    0.35 v dp.rf.rf[31][4]$_DFFE_PP_/Q (sky130_fd_sc_hd__edfxtp_1)
                                         _0969_ (net)
                  0.08    0.00    0.35 v _7052_/A3 (sky130_fd_sc_hd__mux4_2)
     1    0.01    0.09    0.49    0.84 v _7052_/X (sky130_fd_sc_hd__mux4_2)
                                         _3844_ (net)
                  0.09    0.00    0.84 v _7056_/A0 (sky130_fd_sc_hd__mux4_2)
     1    0.00    0.08    0.46    1.30 v _7056_/X (sky130_fd_sc_hd__mux4_2)
                                         _3848_ (net)
                  0.08    0.00    1.30 v _7057_/B (sky130_fd_sc_hd__nand2_1)
     1    0.02    0.17    0.16    1.46 ^ _7057_/Y (sky130_fd_sc_hd__nand2_1)
                                         _3849_ (net)
                  0.17    0.00    1.46 ^ _7058_/B (sky130_fd_sc_hd__nand2_1)
     2    0.02    0.16    0.18    1.64 v _7058_/Y (sky130_fd_sc_hd__nand2_1)
                                         net190 (net)
                  0.16    0.00    1.64 v _7060_/A1 (sky130_fd_sc_hd__mux2i_1)
     2    0.01    0.33    0.33    1.98 ^ _7060_/Y (sky130_fd_sc_hd__mux2i_1)
                                         _3851_ (net)
                  0.33    0.00    1.98 ^ _7061_/B (sky130_fd_sc_hd__xnor2_1)
     2    0.01    0.20    0.19    2.17 ^ _7061_/Y (sky130_fd_sc_hd__xnor2_1)
                                         _3852_ (net)
                  0.20    0.00    2.17 ^ _7062_/A (sky130_fd_sc_hd__clkinv_1)
     2    0.01    0.10    0.15    2.32 v _7062_/Y (sky130_fd_sc_hd__clkinv_1)
                                         _3853_ (net)
                  0.10    0.00    2.32 v dp.alu.sum\\ALU_33_0_33_0_33_unused_CO_X_HAN_CARLSON/_310_/A (sky130_fd_sc_hd__ha_1)
     3    0.01    0.08    0.35    2.67 v dp.alu.sum\\ALU_33_0_33_0_33_unused_CO_X_HAN_CARLSON/_310_/SUM (sky130_fd_sc_hd__ha_1)
                                         dp.alu.sum\\ALU_33_0_33_0_33_unused_CO_X_HAN_CARLSON/_058_ (net)
                  0.08    0.00    2.67 v dp.alu.sum\\ALU_33_0_33_0_33_unused_CO_X_HAN_CARLSON/_523_/A2 (sky130_fd_sc_hd__a21oi_1)
     2    0.01    0.16    0.19    2.86 ^ dp.alu.sum\\ALU_33_0_33_0_33_unused_CO_X_HAN_CARLSON/_523_/Y (sky130_fd_sc_hd__a21oi_1)
                                         dp.alu.sum\\ALU_33_0_33_0_33_unused_CO_X_HAN_CARLSON/_247_ (net)
                  0.16    0.00    2.86 ^ dp.alu.sum\\ALU_33_0_33_0_33_unused_CO_X_HAN_CARLSON/_535_/A1 (sky130_fd_sc_hd__o21ai_0)
     1    0.00    0.08    0.11    2.98 v dp.alu.sum\\ALU_33_0_33_0_33_unused_CO_X_HAN_CARLSON/_535_/Y (sky130_fd_sc_hd__o21ai_0)
                                         dp.alu.sum\\ALU_33_0_33_0_33_unused_CO_X_HAN_CARLSON/_257_ (net)
                  0.08    0.00    2.98 v dp.alu.sum\\ALU_33_0_33_0_33_unused_CO_X_HAN_CARLSON/_536_/B1 (sky130_fd_sc_hd__a21oi_1)
     3    0.02    0.43    0.36    3.34 ^ dp.alu.sum\\ALU_33_0_33_0_33_unused_CO_X_HAN_CARLSON/_536_/Y (sky130_fd_sc_hd__a21oi_1)
                                         dp.alu.sum\\ALU_33_0_33_0_33_unused_CO_X_HAN_CARLSON/_258_ (net)
                  0.43    0.00    3.34 ^ dp.alu.sum\\ALU_33_0_33_0_33_unused_CO_X_HAN_CARLSON/_559_/A1 (sky130_fd_sc_hd__o21ba_1)
     2    0.01    0.08    0.22    3.56 ^ dp.alu.sum\\ALU_33_0_33_0_33_unused_CO_X_HAN_CARLSON/_559_/X (sky130_fd_sc_hd__o21ba_1)
                                         dp.alu.sum\\ALU_33_0_33_0_33_unused_CO_X_HAN_CARLSON/_277_ (net)
                  0.08    0.00    3.56 ^ dp.alu.sum\\ALU_33_0_33_0_33_unused_CO_X_HAN_CARLSON/_367_/A1 (sky130_fd_sc_hd__o21ai_0)
     1    0.02    0.25    0.23    3.79 v dp.alu.sum\\ALU_33_0_33_0_33_unused_CO_X_HAN_CARLSON/_367_/Y (sky130_fd_sc_hd__o21ai_0)
                                         dp.alu.sum\\ALU_33_0_33_0_33_unused_CO_X_HAN_CARLSON/_108_ (net)
                  0.25    0.00    3.79 v dp.alu.sum\\ALU_33_0_33_0_33_unused_CO_X_HAN_CARLSON/_368_/B (sky130_fd_sc_hd__xor2_1)
     1    0.00    0.13    0.22    4.01 v dp.alu.sum\\ALU_33_0_33_0_33_unused_CO_X_HAN_CARLSON/_368_/X (sky130_fd_sc_hd__xor2_1)
                                         dp.alu.sum[19] (net)
                  0.13    0.00    4.01 v _6394_/A1 (sky130_fd_sc_hd__a2111oi_0)
     1    0.00    0.41    0.43    4.43 ^ _6394_/Y (sky130_fd_sc_hd__a2111oi_0)
                                         _3227_ (net)
                  0.41    0.00    4.43 ^ place1028/A (sky130_fd_sc_hd__buf_4)
     1    0.01    0.05    0.20    4.64 ^ place1028/X (sky130_fd_sc_hd__buf_4)
                                         net1024 (net)
                  0.05    0.00    4.64 ^ _6398_/A1 (sky130_fd_sc_hd__o21ai_0)
     1    0.01    0.14    0.14    4.78 v _6398_/Y (sky130_fd_sc_hd__o21ai_0)
                                         net107 (net)
                  0.14    0.00    4.78 v place1009/A (sky130_fd_sc_hd__buf_4)
     2    0.01    0.03    0.18    4.95 v place1009/X (sky130_fd_sc_hd__buf_4)
                                         net1005 (net)
                  0.03    0.00    4.95 v output111/A (sky130_fd_sc_hd__clkdlybuf4s50_1)
     1    0.00    0.04    0.40    5.35 v output111/X (sky130_fd_sc_hd__clkdlybuf4s50_1)
                                         aluout[19] (net)
                  0.04    0.00    5.35 v aluout[19] (out)
                                  5.35   data arrival time

                  0.00    6.00    6.00   clock clk (rise edge)
                          0.00    6.00   clock network delay (ideal)
                          0.00    6.00   clock reconvergence pessimism
                         -1.20    4.80   output external delay
                                  4.80   data required time
-----------------------------------------------------------------------------
                                  4.80   data required time
                                 -5.35   data arrival time
-----------------------------------------------------------------------------
                                 -0.55   slack (VIOLATED)



==========================================================================
resizer report_check_types -max_slew -max_cap -max_fanout -violators
--------------------------------------------------------------------------

==========================================================================
resizer max_slew_check_slack
--------------------------------------------------------------------------
0.3681027889251709

==========================================================================
resizer max_slew_check_limit
--------------------------------------------------------------------------
1.5

==========================================================================
resizer max_slew_check_slack_limit
--------------------------------------------------------------------------
0.2454

==========================================================================
resizer max_fanout_check_slack
--------------------------------------------------------------------------
1.0000000150474662e+30

==========================================================================
resizer max_fanout_check_limit
--------------------------------------------------------------------------
1.0000000150474662e+30

==========================================================================
resizer max_capacitance_check_slack
--------------------------------------------------------------------------
0.015525744296610355

==========================================================================
resizer max_capacitance_check_limit
--------------------------------------------------------------------------
0.021067000925540924

==========================================================================
resizer max_capacitance_check_slack_limit
--------------------------------------------------------------------------
0.7370

==========================================================================
resizer max_slew_violation_count
--------------------------------------------------------------------------
max slew violation count 0

==========================================================================
resizer max_fanout_violation_count
--------------------------------------------------------------------------
max fanout violation count 0

==========================================================================
resizer max_cap_violation_count
--------------------------------------------------------------------------
max cap violation count 0

==========================================================================
resizer setup_violation_count
--------------------------------------------------------------------------
setup violation count 92

==========================================================================
resizer hold_violation_count
--------------------------------------------------------------------------
hold violation count 0

==========================================================================
resizer report_checks -path_delay max reg to reg
--------------------------------------------------------------------------
Startpoint: dp.rf.rf[7][0]$_DFFE_PP_
            (rising edge-triggered flip-flop clocked by clk)
Endpoint: dp.rf.rf[26][14]$_DFFE_PP_
          (rising edge-triggered flip-flop clocked by clk)
Path Group: clk
Path Type: max

  Delay    Time   Description
---------------------------------------------------------
   0.00    0.00   clock clk (rise edge)
   0.00    0.00   clock network delay (ideal)
   0.00    0.00 ^ dp.rf.rf[7][0]$_DFFE_PP_/CLK (sky130_fd_sc_hd__edfxtp_1)
   0.35    0.35 v dp.rf.rf[7][0]$_DFFE_PP_/Q (sky130_fd_sc_hd__edfxtp_1)
   0.48    0.83 v _6885_/X (sky130_fd_sc_hd__mux4_2)
   0.50    1.33 v _6887_/X (sky130_fd_sc_hd__mux4_2)
   0.12    1.44 ^ _6888_/Y (sky130_fd_sc_hd__nor2_1)
   0.10    1.54 v _6892_/Y (sky130_fd_sc_hd__nor3_1)
   0.15    1.69 v place1431/X (sky130_fd_sc_hd__buf_12)
   0.29    1.98 v _6894_/X (sky130_fd_sc_hd__mux2_2)
   0.17    2.14 v _6895_/Y (sky130_fd_sc_hd__xnor2_1)
   0.50    2.64 v dp.alu.sum\\ALU_33_0_33_0_33_unused_CO_X_HAN_CARLSON/_283_/COUT (sky130_fd_sc_hd__fa_1)
   0.44    3.08 v dp.alu.sum\\ALU_33_0_33_0_33_unused_CO_X_HAN_CARLSON/_284_/COUT (sky130_fd_sc_hd__fa_1)
   0.15    3.23 ^ dp.alu.sum\\ALU_33_0_33_0_33_unused_CO_X_HAN_CARLSON/_521_/Y (sky130_fd_sc_hd__a31oi_1)
   0.16    3.38 ^ dp.alu.sum\\ALU_33_0_33_0_33_unused_CO_X_HAN_CARLSON/place1107/X (sky130_fd_sc_hd__buf_4)
   0.15    3.54 v dp.alu.sum\\ALU_33_0_33_0_33_unused_CO_X_HAN_CARLSON/_530_/Y (sky130_fd_sc_hd__o21ai_0)
   0.18    3.72 v dp.alu.sum\\ALU_33_0_33_0_33_unused_CO_X_HAN_CARLSON/place1080/X (sky130_fd_sc_hd__buf_4)
   0.13    3.85 ^ dp.alu.sum\\ALU_33_0_33_0_33_unused_CO_X_HAN_CARLSON/_329_/Y (sky130_fd_sc_hd__a31oi_1)
   0.16    4.00 ^ dp.alu.sum\\ALU_33_0_33_0_33_unused_CO_X_HAN_CARLSON/place1064/X (sky130_fd_sc_hd__buf_4)
   0.06    4.07 v dp.alu.sum\\ALU_33_0_33_0_33_unused_CO_X_HAN_CARLSON/_330_/Y (sky130_fd_sc_hd__xnor2_1)
   0.30    4.37 ^ _6494_/Y (sky130_fd_sc_hd__a211oi_1)
   0.25    4.62 v _6495_/Y (sky130_fd_sc_hd__o32ai_1)
   0.21    4.83 v place1025/X (sky130_fd_sc_hd__buf_4)
   0.44    5.27 ^ _6496_/Y (sky130_fd_sc_hd__nor3_1)
   0.25    5.52 ^ place1006/X (sky130_fd_sc_hd__buf_4)
   0.07    5.59 v _6499_/Y (sky130_fd_sc_hd__nor3_2)
   0.19    5.79 v place986/X (sky130_fd_sc_hd__buf_12)
   0.01    5.79 v dp.rf.rf[26][14]$_DFFE_PP_/D (sky130_fd_sc_hd__edfxtp_1)
           5.79   data arrival time

   6.00    6.00   clock clk (rise edge)
   0.00    6.00   clock network delay (ideal)
   0.00    6.00   clock reconvergence pessimism
           6.00 ^ dp.rf.rf[26][14]$_DFFE_PP_/CLK (sky130_fd_sc_hd__edfxtp_1)
  -0.27    5.73   library setup time
           5.73   data required time
---------------------------------------------------------
           5.73   data required time
          -5.79   data arrival time
---------------------------------------------------------
          -0.06   slack (VIOLATED)



==========================================================================
resizer report_checks -path_delay min reg to reg
--------------------------------------------------------------------------
Startpoint: dp.pcreg.q[1]$_DFFE_PP0P_
            (rising edge-triggered flip-flop clocked by clk)
Endpoint: dp.pcreg.q[1]$_DFFE_PP0P_
          (rising edge-triggered flip-flop clocked by clk)
Path Group: clk
Path Type: min

  Delay    Time   Description
---------------------------------------------------------
   0.00    0.00   clock clk (rise edge)
   0.00    0.00   clock network delay (ideal)
   0.00    0.00 ^ dp.pcreg.q[1]$_DFFE_PP0P_/CLK (sky130_fd_sc_hd__dfrtp_1)
   0.37    0.37 ^ dp.pcreg.q[1]$_DFFE_PP0P_/Q (sky130_fd_sc_hd__dfrtp_1)
   0.14    0.51 ^ _6825_/X (sky130_fd_sc_hd__mux2_1)
   0.00    0.51 ^ dp.pcreg.q[1]$_DFFE_PP0P_/D (sky130_fd_sc_hd__dfrtp_1)
           0.51   data arrival time

   0.00    0.00   clock clk (rise edge)
   0.00    0.00   clock network delay (ideal)
   0.00    0.00   clock reconvergence pessimism
           0.00 ^ dp.pcreg.q[1]$_DFFE_PP0P_/CLK (sky130_fd_sc_hd__dfrtp_1)
  -0.04   -0.04   library hold time
          -0.04   data required time
---------------------------------------------------------
          -0.04   data required time
          -0.51   data arrival time
---------------------------------------------------------
           0.55   slack (MET)



==========================================================================
resizer critical path target clock latency max path
--------------------------------------------------------------------------
0

==========================================================================
resizer critical path target clock latency min path
--------------------------------------------------------------------------
0

==========================================================================
resizer critical path source clock latency min path
--------------------------------------------------------------------------
0

==========================================================================
resizer critical path delay
--------------------------------------------------------------------------
5.3519

==========================================================================
resizer critical path slack
--------------------------------------------------------------------------
-0.5519

==========================================================================
resizer slack div critical path delay
--------------------------------------------------------------------------
-10.312226

==========================================================================
resizer report_power
--------------------------------------------------------------------------
Group                  Internal  Switching    Leakage      Total
                          Power      Power      Power      Power (Watts)
----------------------------------------------------------------
Sequential             9.00e-03   1.64e-04   9.69e-09   9.16e-03  56.0%
Combinational          2.92e-03   4.29e-03   1.61e-08   7.21e-03  44.0%
Clock                  0.00e+00   0.00e+00   0.00e+00   0.00e+00   0.0%
Macro                  0.00e+00   0.00e+00   0.00e+00   0.00e+00   0.0%
Pad                    0.00e+00   0.00e+00   0.00e+00   0.00e+00   0.0%
----------------------------------------------------------------
Total                  1.19e-02   4.46e-03   2.58e-08   1.64e-02 100.0%
                          72.8%      27.2%       0.0%
