
==========================================================================
global route report_tns
--------------------------------------------------------------------------
tns max -15.96

==========================================================================
global route report_wns
--------------------------------------------------------------------------
wns max -0.71

==========================================================================
global route report_worst_slack
--------------------------------------------------------------------------
worst slack max -0.71

==========================================================================
global route report_clock_min_period
--------------------------------------------------------------------------
clk period_min = 6.71 fmax = 148.96

==========================================================================
global route report_clock_skew
--------------------------------------------------------------------------
Clock clk
   0.80 source latency dp.rf.rf[16][21]$_DFFE_PP_/CLK ^
  -0.69 target latency dp.rf.rf[29][15]$_DFFE_PP_/CLK ^
   0.00 CRPR
--------------
   0.11 setup skew


==========================================================================
global route report_checks -path_delay min
--------------------------------------------------------------------------
Startpoint: dp.pcreg.q[2]$_DFF_PP0_
            (rising edge-triggered flip-flop clocked by clk)
Endpoint: dp.pcreg.q[2]$_DFF_PP0_
          (rising edge-triggered flip-flop clocked by clk)
Path Group: clk
Path Type: min

Fanout     Cap    Slew   Delay    Time   Description
-----------------------------------------------------------------------------
                          0.00    0.00   clock clk (rise edge)
                          0.00    0.00   clock source latency
     1    0.07    0.00    0.00    0.00 ^ clk (in)
                                         clk (net)
                  0.00    0.00    0.00 ^ clkbuf_0_clk/A (sky130_fd_sc_hd__clkbuf_16)
     8    0.19    0.20    0.23    0.23 ^ clkbuf_0_clk/X (sky130_fd_sc_hd__clkbuf_16)
                                         clknet_0_clk (net)
                  0.20    0.01    0.24 ^ clkbuf_3_5__f_clk/A (sky130_fd_sc_hd__clkbuf_16)
    14    0.24    0.24    0.33    0.57 ^ clkbuf_3_5__f_clk/X (sky130_fd_sc_hd__clkbuf_16)
                                         clknet_3_5__leaf_clk (net)
                  0.24    0.01    0.58 ^ clkbuf_leaf_57_clk/A (sky130_fd_sc_hd__clkbuf_16)
    10    0.05    0.07    0.21    0.79 ^ clkbuf_leaf_57_clk/X (sky130_fd_sc_hd__clkbuf_16)
                                         clknet_leaf_57_clk (net)
                  0.07    0.00    0.79 ^ dp.pcreg.q[2]$_DFF_PP0_/CLK (sky130_fd_sc_hd__dfrtp_1)
     5    0.02    0.19    0.44    1.23 ^ dp.pcreg.q[2]$_DFF_PP0_/Q (sky130_fd_sc_hd__dfrtp_1)
                                         net153 (net)
                  0.19    0.00    1.23 ^ _6814_/A1 (sky130_fd_sc_hd__mux2i_1)
     1    0.00    0.04    0.10    1.33 v _6814_/Y (sky130_fd_sc_hd__mux2i_1)
                                         _3635_ (net)
                  0.04    0.00    1.33 v dp.pcreg.q[2]$_DFF_PP0_/D (sky130_fd_sc_hd__dfrtp_1)
                                  1.33   data arrival time

                          0.00    0.00   clock clk (rise edge)
                          0.00    0.00   clock source latency
     1    0.07    0.00    0.00    0.00 ^ clk (in)
                                         clk (net)
                  0.00    0.00    0.00 ^ clkbuf_0_clk/A (sky130_fd_sc_hd__clkbuf_16)
     8    0.19    0.20    0.23    0.23 ^ clkbuf_0_clk/X (sky130_fd_sc_hd__clkbuf_16)
                                         clknet_0_clk (net)
                  0.20    0.01    0.24 ^ clkbuf_3_5__f_clk/A (sky130_fd_sc_hd__clkbuf_16)
    14    0.24    0.24    0.33    0.57 ^ clkbuf_3_5__f_clk/X (sky130_fd_sc_hd__clkbuf_16)
                                         clknet_3_5__leaf_clk (net)
                  0.24    0.01    0.58 ^ clkbuf_leaf_57_clk/A (sky130_fd_sc_hd__clkbuf_16)
    10    0.05    0.07    0.21    0.79 ^ clkbuf_leaf_57_clk/X (sky130_fd_sc_hd__clkbuf_16)
                                         clknet_leaf_57_clk (net)
                  0.07    0.00    0.79 ^ dp.pcreg.q[2]$_DFF_PP0_/CLK (sky130_fd_sc_hd__dfrtp_1)
                          0.00    0.79   clock reconvergence pessimism
                         -0.04    0.75   library hold time
                                  0.75   data required time
-----------------------------------------------------------------------------
                                  0.75   data required time
                                 -1.33   data arrival time
-----------------------------------------------------------------------------
                                  0.58   slack (MET)



==========================================================================
global route report_checks -path_delay max
--------------------------------------------------------------------------
Startpoint: dp.rf.rf[20][7]$_DFFE_PP_
            (rising edge-triggered flip-flop clocked by clk)
Endpoint: aluout[23] (output port clocked by clk)
Path Group: clk
Path Type: max

Fanout     Cap    Slew   Delay    Time   Description
-----------------------------------------------------------------------------
                          0.00    0.00   clock clk (rise edge)
                          0.00    0.00   clock source latency
     1    0.07    0.00    0.00    0.00 ^ clk (in)
                                         clk (net)
                  0.00    0.00    0.00 ^ clkbuf_0_clk/A (sky130_fd_sc_hd__clkbuf_16)
     8    0.19    0.20    0.23    0.23 ^ clkbuf_0_clk/X (sky130_fd_sc_hd__clkbuf_16)
                                         clknet_0_clk (net)
                  0.20    0.01    0.24 ^ clkbuf_3_1__f_clk/A (sky130_fd_sc_hd__clkbuf_16)
    14    0.22    0.23    0.32    0.56 ^ clkbuf_3_1__f_clk/X (sky130_fd_sc_hd__clkbuf_16)
                                         clknet_3_1__leaf_clk (net)
                  0.23    0.00    0.56 ^ clkbuf_leaf_13_clk/A (sky130_fd_sc_hd__clkbuf_16)
    12    0.05    0.07    0.21    0.77 ^ clkbuf_leaf_13_clk/X (sky130_fd_sc_hd__clkbuf_16)
                                         clknet_leaf_13_clk (net)
                  0.07    0.00    0.77 ^ dp.rf.rf[20][7]$_DFFE_PP_/CLK (sky130_fd_sc_hd__edfxtp_1)
     2    0.01    0.10    0.41    1.18 v dp.rf.rf[20][7]$_DFFE_PP_/Q (sky130_fd_sc_hd__edfxtp_1)
                                         _0588_ (net)
                  0.10    0.00    1.18 v _7103_/A0 (sky130_fd_sc_hd__mux4_2)
     1    0.00    0.09    0.48    1.66 v _7103_/X (sky130_fd_sc_hd__mux4_2)
                                         _3892_ (net)
                  0.09    0.00    1.66 v _7104_/A3 (sky130_fd_sc_hd__mux4_2)
     1    0.01    0.09    0.50    2.16 v _7104_/X (sky130_fd_sc_hd__mux4_2)
                                         _3893_ (net)
                  0.09    0.00    2.16 v _7105_/B (sky130_fd_sc_hd__nand2_1)
     1    0.00    0.10    0.09    2.24 ^ _7105_/Y (sky130_fd_sc_hd__nand2_1)
                                         _3894_ (net)
                  0.10    0.00    2.25 ^ _7112_/B1 (sky130_fd_sc_hd__o21ai_0)
     1    0.00    0.13    0.09    2.34 v _7112_/Y (sky130_fd_sc_hd__o21ai_0)
                                         net193 (net)
                  0.13    0.00    2.34 v place1507/A (sky130_fd_sc_hd__buf_4)
     2    0.02    0.05    0.20    2.54 v place1507/X (sky130_fd_sc_hd__buf_4)
                                         net1503 (net)
                  0.05    0.00    2.54 v _7114_/A1 (sky130_fd_sc_hd__mux2_2)
     1    0.01    0.07    0.29    2.83 v _7114_/X (sky130_fd_sc_hd__mux2_2)
                                         _3902_ (net)
                  0.07    0.00    2.83 v _7115_/B (sky130_fd_sc_hd__xnor2_2)
     2    0.01    0.15    0.16    2.99 v _7115_/Y (sky130_fd_sc_hd__xnor2_2)
                                         _3903_ (net)
                  0.15    0.00    2.99 v dp.alu.sum\\ALU_33_0_33_0_33_unused_CO_X_HAN_CARLSON/_313_/A (sky130_fd_sc_hd__ha_4)
     4    0.02    0.08    0.34    3.33 ^ dp.alu.sum\\ALU_33_0_33_0_33_unused_CO_X_HAN_CARLSON/_313_/SUM (sky130_fd_sc_hd__ha_4)
                                         dp.alu.sum\\ALU_33_0_33_0_33_unused_CO_X_HAN_CARLSON/_061_ (net)
                  0.08    0.00    3.33 ^ dp.alu.sum\\ALU_33_0_33_0_33_unused_CO_X_HAN_CARLSON/place1246/A (sky130_fd_sc_hd__buf_6)
     2    0.01    0.03    0.10    3.43 ^ dp.alu.sum\\ALU_33_0_33_0_33_unused_CO_X_HAN_CARLSON/place1246/X (sky130_fd_sc_hd__buf_6)
                                         dp.alu.sum\\ALU_33_0_33_0_33_unused_CO_X_HAN_CARLSON/net1242 (net)
                  0.03    0.00    3.43 ^ dp.alu.sum\\ALU_33_0_33_0_33_unused_CO_X_HAN_CARLSON/_558_/A (sky130_fd_sc_hd__nand4_1)
     2    0.01    0.20    0.17    3.60 v dp.alu.sum\\ALU_33_0_33_0_33_unused_CO_X_HAN_CARLSON/_558_/Y (sky130_fd_sc_hd__nand4_1)
                                         dp.alu.sum\\ALU_33_0_33_0_33_unused_CO_X_HAN_CARLSON/_276_ (net)
                  0.20    0.00    3.60 v dp.alu.sum\\ALU_33_0_33_0_33_unused_CO_X_HAN_CARLSON/_336_/A1 (sky130_fd_sc_hd__o41ai_2)
     1    0.00    0.25    0.40    4.00 ^ dp.alu.sum\\ALU_33_0_33_0_33_unused_CO_X_HAN_CARLSON/_336_/Y (sky130_fd_sc_hd__o41ai_2)
                                         dp.alu.sum\\ALU_33_0_33_0_33_unused_CO_X_HAN_CARLSON/_081_ (net)
                  0.25    0.00    4.00 ^ dp.alu.sum\\ALU_33_0_33_0_33_unused_CO_X_HAN_CARLSON/place1063/A (sky130_fd_sc_hd__buf_4)
     2    0.01    0.05    0.18    4.18 ^ dp.alu.sum\\ALU_33_0_33_0_33_unused_CO_X_HAN_CARLSON/place1063/X (sky130_fd_sc_hd__buf_4)
                                         dp.alu.sum\\ALU_33_0_33_0_33_unused_CO_X_HAN_CARLSON/net1059 (net)
                  0.05    0.00    4.18 ^ dp.alu.sum\\ALU_33_0_33_0_33_unused_CO_X_HAN_CARLSON/_399_/A1 (sky130_fd_sc_hd__a21boi_2)
     1    0.00    0.04    0.05    4.23 v dp.alu.sum\\ALU_33_0_33_0_33_unused_CO_X_HAN_CARLSON/_399_/Y (sky130_fd_sc_hd__a21boi_2)
                                         dp.alu.sum\\ALU_33_0_33_0_33_unused_CO_X_HAN_CARLSON/_136_ (net)
                  0.04    0.00    4.23 v dp.alu.sum\\ALU_33_0_33_0_33_unused_CO_X_HAN_CARLSON/place1048/A (sky130_fd_sc_hd__buf_4)
     1    0.02    0.04    0.15    4.38 v dp.alu.sum\\ALU_33_0_33_0_33_unused_CO_X_HAN_CARLSON/place1048/X (sky130_fd_sc_hd__buf_4)
                                         dp.alu.sum\\ALU_33_0_33_0_33_unused_CO_X_HAN_CARLSON/net1044 (net)
                  0.04    0.00    4.38 v dp.alu.sum\\ALU_33_0_33_0_33_unused_CO_X_HAN_CARLSON/_400_/B (sky130_fd_sc_hd__xnor2_2)
     1    0.01    0.06    0.13    4.51 v dp.alu.sum\\ALU_33_0_33_0_33_unused_CO_X_HAN_CARLSON/_400_/Y (sky130_fd_sc_hd__xnor2_2)
                                         dp.alu.sum[23] (net)
                  0.06    0.00    4.51 v _6304_/A1 (sky130_fd_sc_hd__a211oi_2)
     1    0.01    0.28    0.28    4.79 ^ _6304_/Y (sky130_fd_sc_hd__a211oi_2)
                                         _3142_ (net)
                  0.28    0.00    4.79 ^ _6307_/A2 (sky130_fd_sc_hd__o21ai_1)
     1    0.00    0.14    0.10    4.89 v _6307_/Y (sky130_fd_sc_hd__o21ai_1)
                                         net112 (net)
                  0.14    0.00    4.89 v place1016/A (sky130_fd_sc_hd__buf_4)
     2    0.02    0.04    0.20    5.09 v place1016/X (sky130_fd_sc_hd__buf_4)
                                         net1012 (net)
                  0.04    0.00    5.09 v output116/A (sky130_fd_sc_hd__clkdlybuf4s50_1)
     1    0.00    0.05    0.42    5.51 v output116/X (sky130_fd_sc_hd__clkdlybuf4s50_1)
                                         aluout[23] (net)
                  0.05    0.00    5.51 v aluout[23] (out)
                                  5.51   data arrival time

                          6.00    6.00   clock clk (rise edge)
                          0.00    6.00   clock network delay (propagated)
                          0.00    6.00   clock reconvergence pessimism
                         -1.20    4.80   output external delay
                                  4.80   data required time
-----------------------------------------------------------------------------
                                  4.80   data required time
                                 -5.51   data arrival time
-----------------------------------------------------------------------------
                                 -0.71   slack (VIOLATED)



==========================================================================
global route report_checks -unconstrained
--------------------------------------------------------------------------
Startpoint: dp.rf.rf[20][7]$_DFFE_PP_
            (rising edge-triggered flip-flop clocked by clk)
Endpoint: aluout[23] (output port clocked by clk)
Path Group: clk
Path Type: max

Fanout     Cap    Slew   Delay    Time   Description
-----------------------------------------------------------------------------
                          0.00    0.00   clock clk (rise edge)
                          0.00    0.00   clock source latency
     1    0.07    0.00    0.00    0.00 ^ clk (in)
                                         clk (net)
                  0.00    0.00    0.00 ^ clkbuf_0_clk/A (sky130_fd_sc_hd__clkbuf_16)
     8    0.19    0.20    0.23    0.23 ^ clkbuf_0_clk/X (sky130_fd_sc_hd__clkbuf_16)
                                         clknet_0_clk (net)
                  0.20    0.01    0.24 ^ clkbuf_3_1__f_clk/A (sky130_fd_sc_hd__clkbuf_16)
    14    0.22    0.23    0.32    0.56 ^ clkbuf_3_1__f_clk/X (sky130_fd_sc_hd__clkbuf_16)
                                         clknet_3_1__leaf_clk (net)
                  0.23    0.00    0.56 ^ clkbuf_leaf_13_clk/A (sky130_fd_sc_hd__clkbuf_16)
    12    0.05    0.07    0.21    0.77 ^ clkbuf_leaf_13_clk/X (sky130_fd_sc_hd__clkbuf_16)
                                         clknet_leaf_13_clk (net)
                  0.07    0.00    0.77 ^ dp.rf.rf[20][7]$_DFFE_PP_/CLK (sky130_fd_sc_hd__edfxtp_1)
     2    0.01    0.10    0.41    1.18 v dp.rf.rf[20][7]$_DFFE_PP_/Q (sky130_fd_sc_hd__edfxtp_1)
                                         _0588_ (net)
                  0.10    0.00    1.18 v _7103_/A0 (sky130_fd_sc_hd__mux4_2)
     1    0.00    0.09    0.48    1.66 v _7103_/X (sky130_fd_sc_hd__mux4_2)
                                         _3892_ (net)
                  0.09    0.00    1.66 v _7104_/A3 (sky130_fd_sc_hd__mux4_2)
     1    0.01    0.09    0.50    2.16 v _7104_/X (sky130_fd_sc_hd__mux4_2)
                                         _3893_ (net)
                  0.09    0.00    2.16 v _7105_/B (sky130_fd_sc_hd__nand2_1)
     1    0.00    0.10    0.09    2.24 ^ _7105_/Y (sky130_fd_sc_hd__nand2_1)
                                         _3894_ (net)
                  0.10    0.00    2.25 ^ _7112_/B1 (sky130_fd_sc_hd__o21ai_0)
     1    0.00    0.13    0.09    2.34 v _7112_/Y (sky130_fd_sc_hd__o21ai_0)
                                         net193 (net)
                  0.13    0.00    2.34 v place1507/A (sky130_fd_sc_hd__buf_4)
     2    0.02    0.05    0.20    2.54 v place1507/X (sky130_fd_sc_hd__buf_4)
                                         net1503 (net)
                  0.05    0.00    2.54 v _7114_/A1 (sky130_fd_sc_hd__mux2_2)
     1    0.01    0.07    0.29    2.83 v _7114_/X (sky130_fd_sc_hd__mux2_2)
                                         _3902_ (net)
                  0.07    0.00    2.83 v _7115_/B (sky130_fd_sc_hd__xnor2_2)
     2    0.01    0.15    0.16    2.99 v _7115_/Y (sky130_fd_sc_hd__xnor2_2)
                                         _3903_ (net)
                  0.15    0.00    2.99 v dp.alu.sum\\ALU_33_0_33_0_33_unused_CO_X_HAN_CARLSON/_313_/A (sky130_fd_sc_hd__ha_4)
     4    0.02    0.08    0.34    3.33 ^ dp.alu.sum\\ALU_33_0_33_0_33_unused_CO_X_HAN_CARLSON/_313_/SUM (sky130_fd_sc_hd__ha_4)
                                         dp.alu.sum\\ALU_33_0_33_0_33_unused_CO_X_HAN_CARLSON/_061_ (net)
                  0.08    0.00    3.33 ^ dp.alu.sum\\ALU_33_0_33_0_33_unused_CO_X_HAN_CARLSON/place1246/A (sky130_fd_sc_hd__buf_6)
     2    0.01    0.03    0.10    3.43 ^ dp.alu.sum\\ALU_33_0_33_0_33_unused_CO_X_HAN_CARLSON/place1246/X (sky130_fd_sc_hd__buf_6)
                                         dp.alu.sum\\ALU_33_0_33_0_33_unused_CO_X_HAN_CARLSON/net1242 (net)
                  0.03    0.00    3.43 ^ dp.alu.sum\\ALU_33_0_33_0_33_unused_CO_X_HAN_CARLSON/_558_/A (sky130_fd_sc_hd__nand4_1)
     2    0.01    0.20    0.17    3.60 v dp.alu.sum\\ALU_33_0_33_0_33_unused_CO_X_HAN_CARLSON/_558_/Y (sky130_fd_sc_hd__nand4_1)
                                         dp.alu.sum\\ALU_33_0_33_0_33_unused_CO_X_HAN_CARLSON/_276_ (net)
                  0.20    0.00    3.60 v dp.alu.sum\\ALU_33_0_33_0_33_unused_CO_X_HAN_CARLSON/_336_/A1 (sky130_fd_sc_hd__o41ai_2)
     1    0.00    0.25    0.40    4.00 ^ dp.alu.sum\\ALU_33_0_33_0_33_unused_CO_X_HAN_CARLSON/_336_/Y (sky130_fd_sc_hd__o41ai_2)
                                         dp.alu.sum\\ALU_33_0_33_0_33_unused_CO_X_HAN_CARLSON/_081_ (net)
                  0.25    0.00    4.00 ^ dp.alu.sum\\ALU_33_0_33_0_33_unused_CO_X_HAN_CARLSON/place1063/A (sky130_fd_sc_hd__buf_4)
     2    0.01    0.05    0.18    4.18 ^ dp.alu.sum\\ALU_33_0_33_0_33_unused_CO_X_HAN_CARLSON/place1063/X (sky130_fd_sc_hd__buf_4)
                                         dp.alu.sum\\ALU_33_0_33_0_33_unused_CO_X_HAN_CARLSON/net1059 (net)
                  0.05    0.00    4.18 ^ dp.alu.sum\\ALU_33_0_33_0_33_unused_CO_X_HAN_CARLSON/_399_/A1 (sky130_fd_sc_hd__a21boi_2)
     1    0.00    0.04    0.05    4.23 v dp.alu.sum\\ALU_33_0_33_0_33_unused_CO_X_HAN_CARLSON/_399_/Y (sky130_fd_sc_hd__a21boi_2)
                                         dp.alu.sum\\ALU_33_0_33_0_33_unused_CO_X_HAN_CARLSON/_136_ (net)
                  0.04    0.00    4.23 v dp.alu.sum\\ALU_33_0_33_0_33_unused_CO_X_HAN_CARLSON/place1048/A (sky130_fd_sc_hd__buf_4)
     1    0.02    0.04    0.15    4.38 v dp.alu.sum\\ALU_33_0_33_0_33_unused_CO_X_HAN_CARLSON/place1048/X (sky130_fd_sc_hd__buf_4)
                                         dp.alu.sum\\ALU_33_0_33_0_33_unused_CO_X_HAN_CARLSON/net1044 (net)
                  0.04    0.00    4.38 v dp.alu.sum\\ALU_33_0_33_0_33_unused_CO_X_HAN_CARLSON/_400_/B (sky130_fd_sc_hd__xnor2_2)
     1    0.01    0.06    0.13    4.51 v dp.alu.sum\\ALU_33_0_33_0_33_unused_CO_X_HAN_CARLSON/_400_/Y (sky130_fd_sc_hd__xnor2_2)
                                         dp.alu.sum[23] (net)
                  0.06    0.00    4.51 v _6304_/A1 (sky130_fd_sc_hd__a211oi_2)
     1    0.01    0.28    0.28    4.79 ^ _6304_/Y (sky130_fd_sc_hd__a211oi_2)
                                         _3142_ (net)
                  0.28    0.00    4.79 ^ _6307_/A2 (sky130_fd_sc_hd__o21ai_1)
     1    0.00    0.14    0.10    4.89 v _6307_/Y (sky130_fd_sc_hd__o21ai_1)
                                         net112 (net)
                  0.14    0.00    4.89 v place1016/A (sky130_fd_sc_hd__buf_4)
     2    0.02    0.04    0.20    5.09 v place1016/X (sky130_fd_sc_hd__buf_4)
                                         net1012 (net)
                  0.04    0.00    5.09 v output116/A (sky130_fd_sc_hd__clkdlybuf4s50_1)
     1    0.00    0.05    0.42    5.51 v output116/X (sky130_fd_sc_hd__clkdlybuf4s50_1)
                                         aluout[23] (net)
                  0.05    0.00    5.51 v aluout[23] (out)
                                  5.51   data arrival time

                          6.00    6.00   clock clk (rise edge)
                          0.00    6.00   clock network delay (propagated)
                          0.00    6.00   clock reconvergence pessimism
                         -1.20    4.80   output external delay
                                  4.80   data required time
-----------------------------------------------------------------------------
                                  4.80   data required time
                                 -5.51   data arrival time
-----------------------------------------------------------------------------
                                 -0.71   slack (VIOLATED)



==========================================================================
global route report_check_types -max_slew -max_cap -max_fanout -violators
--------------------------------------------------------------------------

==========================================================================
global route max_slew_check_slack
--------------------------------------------------------------------------
0.3557901978492737

==========================================================================
global route max_slew_check_limit
--------------------------------------------------------------------------
1.5

==========================================================================
global route max_slew_check_slack_limit
--------------------------------------------------------------------------
0.2372

==========================================================================
global route max_fanout_check_slack
--------------------------------------------------------------------------
1.0000000150474662e+30

==========================================================================
global route max_fanout_check_limit
--------------------------------------------------------------------------
1.0000000150474662e+30

==========================================================================
global route max_capacitance_check_slack
--------------------------------------------------------------------------
0.014883175492286682

==========================================================================
global route max_capacitance_check_limit
--------------------------------------------------------------------------
0.021067000925540924

==========================================================================
global route max_capacitance_check_slack_limit
--------------------------------------------------------------------------
0.7065

==========================================================================
global route max_slew_violation_count
--------------------------------------------------------------------------
max slew violation count 0

==========================================================================
global route max_fanout_violation_count
--------------------------------------------------------------------------
max fanout violation count 0

==========================================================================
global route max_cap_violation_count
--------------------------------------------------------------------------
max cap violation count 0

==========================================================================
global route setup_violation_count
--------------------------------------------------------------------------
setup violation count 32

==========================================================================
global route hold_violation_count
--------------------------------------------------------------------------
hold violation count 0

==========================================================================
global route report_checks -path_delay max reg to reg
--------------------------------------------------------------------------
Startpoint: dp.rf.rf[9][7]$_DFFE_PP_
            (rising edge-triggered flip-flop clocked by clk)
Endpoint: dp.rf.rf[16][31]$_DFFE_PP_
          (rising edge-triggered flip-flop clocked by clk)
Path Group: clk
Path Type: max

  Delay    Time   Description
---------------------------------------------------------
   0.00    0.00   clock clk (rise edge)
   0.00    0.00   clock source latency
   0.00    0.00 ^ clk (in)
   0.23    0.23 ^ clkbuf_0_clk/X (sky130_fd_sc_hd__clkbuf_16)
   0.33    0.56 ^ clkbuf_3_0__f_clk/X (sky130_fd_sc_hd__clkbuf_16)
   0.22    0.78 ^ clkbuf_leaf_12_clk/X (sky130_fd_sc_hd__clkbuf_16)
   0.00    0.78 ^ dp.rf.rf[9][7]$_DFFE_PP_/CLK (sky130_fd_sc_hd__edfxtp_1)
   0.42    1.20 v dp.rf.rf[9][7]$_DFFE_PP_/Q (sky130_fd_sc_hd__edfxtp_1)
   0.16    1.35 v place1571/X (sky130_fd_sc_hd__buf_4)
   0.14    1.49 v _4737_/X (sky130_fd_sc_hd__a21o_1)
   0.44    1.93 v _4738_/X (sky130_fd_sc_hd__mux4_2)
   0.19    2.13 ^ _4742_/Y (sky130_fd_sc_hd__o21ai_0)
   0.12    2.25 v _4743_/Y (sky130_fd_sc_hd__a21oi_1)
   0.38    2.63 v _4745_/X (sky130_fd_sc_hd__a211o_1)
   0.23    2.85 v place1410/X (sky130_fd_sc_hd__buf_4)
   0.10    2.95 ^ _4744_/Y (sky130_fd_sc_hd__clkinv_1)
   0.20    3.15 ^ place1340/X (sky130_fd_sc_hd__buf_4)
   0.12    3.27 v _5532_/Y (sky130_fd_sc_hd__o21ai_0)
   0.36    3.62 ^ dp.pcimm.y\\ALU_32_0_32_0_32_unused_CO_X_HAN_CARLSON/_238_/SUM (sky130_fd_sc_hd__ha_1)
   0.12    3.75 v dp.pcimm.y\\ALU_32_0_32_0_32_unused_CO_X_HAN_CARLSON/_286_/Y (sky130_fd_sc_hd__a21oi_1)
   0.54    4.29 ^ dp.pcimm.y\\ALU_32_0_32_0_32_unused_CO_X_HAN_CARLSON/_293_/Y (sky130_fd_sc_hd__o21ai_0)
   0.20    4.48 ^ dp.pcimm.y\\ALU_32_0_32_0_32_unused_CO_X_HAN_CARLSON/_311_/X (sky130_fd_sc_hd__a21o_1)
   0.04    4.53 v dp.pcimm.y\\ALU_32_0_32_0_32_unused_CO_X_HAN_CARLSON/_312_/Y (sky130_fd_sc_hd__a31oi_1)
   0.22    4.75 v dp.pcimm.y\\ALU_32_0_32_0_32_unused_CO_X_HAN_CARLSON/place1056/X (sky130_fd_sc_hd__buf_4)
   0.46    5.21 ^ dp.pcimm.y\\ALU_32_0_32_0_32_unused_CO_X_HAN_CARLSON/_252_/Y (sky130_fd_sc_hd__o31ai_1)
   0.29    5.50 ^ dp.pcimm.y\\ALU_32_0_32_0_32_unused_CO_X_HAN_CARLSON/_209_/COUT (sky130_fd_sc_hd__fa_1)
   0.13    5.63 v dp.pcimm.y\\ALU_32_0_32_0_32_unused_CO_X_HAN_CARLSON/_270_/Y (sky130_fd_sc_hd__xnor2_1)
   0.41    6.04 ^ _6046_/Y (sky130_fd_sc_hd__a221oi_1)
   0.18    6.22 v _6048_/Y (sky130_fd_sc_hd__a31oi_2)
   0.20    6.41 v place978/X (sky130_fd_sc_hd__buf_12)
   0.03    6.44 v dp.rf.rf[16][31]$_DFFE_PP_/D (sky130_fd_sc_hd__edfxtp_1)
           6.44   data arrival time

   6.00    6.00   clock clk (rise edge)
   0.00    6.00   clock source latency
   0.00    6.00 ^ clk (in)
   0.23    6.23 ^ clkbuf_0_clk/X (sky130_fd_sc_hd__clkbuf_16)
   0.32    6.55 ^ clkbuf_3_3__f_clk/X (sky130_fd_sc_hd__clkbuf_16)
   0.21    6.76 ^ clkbuf_leaf_21_clk/X (sky130_fd_sc_hd__clkbuf_16)
   0.00    6.76 ^ dp.rf.rf[16][31]$_DFFE_PP_/CLK (sky130_fd_sc_hd__edfxtp_1)
   0.00    6.76   clock reconvergence pessimism
  -0.27    6.49   library setup time
           6.49   data required time
---------------------------------------------------------
           6.49   data required time
          -6.44   data arrival time
---------------------------------------------------------
           0.05   slack (MET)



==========================================================================
global route report_checks -path_delay min reg to reg
--------------------------------------------------------------------------
Startpoint: dp.pcreg.q[2]$_DFF_PP0_
            (rising edge-triggered flip-flop clocked by clk)
Endpoint: dp.pcreg.q[2]$_DFF_PP0_
          (rising edge-triggered flip-flop clocked by clk)
Path Group: clk
Path Type: min

  Delay    Time   Description
---------------------------------------------------------
   0.00    0.00   clock clk (rise edge)
   0.00    0.00   clock source latency
   0.00    0.00 ^ clk (in)
   0.23    0.23 ^ clkbuf_0_clk/X (sky130_fd_sc_hd__clkbuf_16)
   0.34    0.57 ^ clkbuf_3_5__f_clk/X (sky130_fd_sc_hd__clkbuf_16)
   0.22    0.79 ^ clkbuf_leaf_57_clk/X (sky130_fd_sc_hd__clkbuf_16)
   0.00    0.79 ^ dp.pcreg.q[2]$_DFF_PP0_/CLK (sky130_fd_sc_hd__dfrtp_1)
   0.44    1.23 ^ dp.pcreg.q[2]$_DFF_PP0_/Q (sky130_fd_sc_hd__dfrtp_1)
   0.10    1.33 v _6814_/Y (sky130_fd_sc_hd__mux2i_1)
   0.00    1.33 v dp.pcreg.q[2]$_DFF_PP0_/D (sky130_fd_sc_hd__dfrtp_1)
           1.33   data arrival time

   0.00    0.00   clock clk (rise edge)
   0.00    0.00   clock source latency
   0.00    0.00 ^ clk (in)
   0.23    0.23 ^ clkbuf_0_clk/X (sky130_fd_sc_hd__clkbuf_16)
   0.34    0.57 ^ clkbuf_3_5__f_clk/X (sky130_fd_sc_hd__clkbuf_16)
   0.22    0.79 ^ clkbuf_leaf_57_clk/X (sky130_fd_sc_hd__clkbuf_16)
   0.00    0.79 ^ dp.pcreg.q[2]$_DFF_PP0_/CLK (sky130_fd_sc_hd__dfrtp_1)
   0.00    0.79   clock reconvergence pessimism
  -0.04    0.75   library hold time
           0.75   data required time
---------------------------------------------------------
           0.75   data required time
          -1.33   data arrival time
---------------------------------------------------------
           0.58   slack (MET)



==========================================================================
global route critical path target clock latency max path
--------------------------------------------------------------------------
0

==========================================================================
global route critical path target clock latency min path
--------------------------------------------------------------------------
0

==========================================================================
global route critical path source clock latency min path
--------------------------------------------------------------------------
0

==========================================================================
global route critical path delay
--------------------------------------------------------------------------
5.5133

==========================================================================
global route critical path slack
--------------------------------------------------------------------------
-0.7133

==========================================================================
global route slack div critical path delay
--------------------------------------------------------------------------
-12.937805

==========================================================================
global route report_power
--------------------------------------------------------------------------
Group                  Internal  Switching    Leakage      Total
                          Power      Power      Power      Power (Watts)
----------------------------------------------------------------
Sequential             8.84e-03   1.89e-04   9.69e-09   9.03e-03  36.2%
Combinational          3.48e-03   5.28e-03   1.71e-08   8.76e-03  35.1%
Clock                  3.85e-03   3.33e-03   1.73e-09   7.17e-03  28.7%
Macro                  0.00e+00   0.00e+00   0.00e+00   0.00e+00   0.0%
Pad                    0.00e+00   0.00e+00   0.00e+00   0.00e+00   0.0%
----------------------------------------------------------------
Total                  1.62e-02   8.79e-03   2.86e-08   2.50e-02 100.0%
                          64.8%      35.2%       0.0%
