
==========================================================================
finish report_tns
--------------------------------------------------------------------------
tns max -11.34

==========================================================================
finish report_wns
--------------------------------------------------------------------------
wns max -0.57

==========================================================================
finish report_worst_slack
--------------------------------------------------------------------------
worst slack max -0.57

==========================================================================
finish report_clock_min_period
--------------------------------------------------------------------------
clk period_min = 6.57 fmax = 152.13

==========================================================================
finish report_clock_skew
--------------------------------------------------------------------------
Clock clk
   0.68 source latency dp.rf.rf[16][15]$_DFFE_PP_/CLK ^
  -0.79 target latency dp.rf.rf[22][5]$_DFFE_PP_/CLK ^
   0.00 CRPR
--------------
  -0.11 setup skew


==========================================================================
finish report_checks -path_delay min
--------------------------------------------------------------------------
Startpoint: dp.pcreg.q[2]$_DFF_PP0_
            (rising edge-triggered flip-flop clocked by clk)
Endpoint: dp.pcreg.q[2]$_DFF_PP0_
          (rising edge-triggered flip-flop clocked by clk)
Path Group: clk
Path Type: min

Fanout     Cap    Slew   Delay    Time   Description
-----------------------------------------------------------------------------
                          0.00    0.00   clock clk (rise edge)
                          0.00    0.00   clock source latency
     1    0.06    0.00    0.00    0.00 ^ clk (in)
                                         clk (net)
                  0.00    0.00    0.00 ^ clkbuf_0_clk/A (sky130_fd_sc_hd__clkbuf_16)
     8    0.18    0.19    0.23    0.23 ^ clkbuf_0_clk/X (sky130_fd_sc_hd__clkbuf_16)
                                         clknet_0_clk (net)
                  0.19    0.01    0.23 ^ clkbuf_3_5__f_clk/A (sky130_fd_sc_hd__clkbuf_16)
    14    0.23    0.24    0.32    0.56 ^ clkbuf_3_5__f_clk/X (sky130_fd_sc_hd__clkbuf_16)
                                         clknet_3_5__leaf_clk (net)
                  0.24    0.01    0.57 ^ clkbuf_leaf_57_clk/A (sky130_fd_sc_hd__clkbuf_16)
    10    0.04    0.07    0.21    0.77 ^ clkbuf_leaf_57_clk/X (sky130_fd_sc_hd__clkbuf_16)
                                         clknet_leaf_57_clk (net)
                  0.07    0.00    0.78 ^ dp.pcreg.q[2]$_DFF_PP0_/CLK (sky130_fd_sc_hd__dfrtp_1)
     5    0.02    0.18    0.43    1.20 ^ dp.pcreg.q[2]$_DFF_PP0_/Q (sky130_fd_sc_hd__dfrtp_1)
                                         net153 (net)
                  0.18    0.00    1.20 ^ _6814_/A1 (sky130_fd_sc_hd__mux2i_1)
     1    0.00    0.04    0.10    1.30 v _6814_/Y (sky130_fd_sc_hd__mux2i_1)
                                         _3635_ (net)
                  0.04    0.00    1.30 v dp.pcreg.q[2]$_DFF_PP0_/D (sky130_fd_sc_hd__dfrtp_1)
                                  1.30   data arrival time

                          0.00    0.00   clock clk (rise edge)
                          0.00    0.00   clock source latency
     1    0.06    0.00    0.00    0.00 ^ clk (in)
                                         clk (net)
                  0.00    0.00    0.00 ^ clkbuf_0_clk/A (sky130_fd_sc_hd__clkbuf_16)
     8    0.18    0.19    0.23    0.23 ^ clkbuf_0_clk/X (sky130_fd_sc_hd__clkbuf_16)
                                         clknet_0_clk (net)
                  0.19    0.01    0.23 ^ clkbuf_3_5__f_clk/A (sky130_fd_sc_hd__clkbuf_16)
    14    0.23    0.24    0.32    0.56 ^ clkbuf_3_5__f_clk/X (sky130_fd_sc_hd__clkbuf_16)
                                         clknet_3_5__leaf_clk (net)
                  0.24    0.01    0.57 ^ clkbuf_leaf_57_clk/A (sky130_fd_sc_hd__clkbuf_16)
    10    0.04    0.07    0.21    0.77 ^ clkbuf_leaf_57_clk/X (sky130_fd_sc_hd__clkbuf_16)
                                         clknet_leaf_57_clk (net)
                  0.07    0.00    0.78 ^ dp.pcreg.q[2]$_DFF_PP0_/CLK (sky130_fd_sc_hd__dfrtp_1)
                          0.00    0.78   clock reconvergence pessimism
                         -0.04    0.74   library hold time
                                  0.74   data required time
-----------------------------------------------------------------------------
                                  0.74   data required time
                                 -1.30   data arrival time
-----------------------------------------------------------------------------
                                  0.56   slack (MET)



==========================================================================
finish report_checks -path_delay max
--------------------------------------------------------------------------
Startpoint: dp.rf.rf[15][0]$_DFFE_PP_
            (rising edge-triggered flip-flop clocked by clk)
Endpoint: aluout[30] (output port clocked by clk)
Path Group: clk
Path Type: max

Fanout     Cap    Slew   Delay    Time   Description
-----------------------------------------------------------------------------
                          0.00    0.00   clock clk (rise edge)
                          0.00    0.00   clock source latency
     1    0.06    0.00    0.00    0.00 ^ clk (in)
                                         clk (net)
                  0.00    0.00    0.00 ^ clkbuf_0_clk/A (sky130_fd_sc_hd__clkbuf_16)
     8    0.18    0.19    0.23    0.23 ^ clkbuf_0_clk/X (sky130_fd_sc_hd__clkbuf_16)
                                         clknet_0_clk (net)
                  0.19    0.01    0.23 ^ clkbuf_3_1__f_clk/A (sky130_fd_sc_hd__clkbuf_16)
    14    0.22    0.23    0.32    0.55 ^ clkbuf_3_1__f_clk/X (sky130_fd_sc_hd__clkbuf_16)
                                         clknet_3_1__leaf_clk (net)
                  0.23    0.01    0.56 ^ clkbuf_leaf_95_clk/A (sky130_fd_sc_hd__clkbuf_16)
    12    0.03    0.06    0.20    0.76 ^ clkbuf_leaf_95_clk/X (sky130_fd_sc_hd__clkbuf_16)
                                         clknet_leaf_95_clk (net)
                  0.06    0.00    0.76 ^ dp.rf.rf[15][0]$_DFFE_PP_/CLK (sky130_fd_sc_hd__edfxtp_1)
     2    0.01    0.08    0.38    1.14 v dp.rf.rf[15][0]$_DFFE_PP_/Q (sky130_fd_sc_hd__edfxtp_1)
                                         _0367_ (net)
                  0.08    0.00    1.14 v _6884_/A3 (sky130_fd_sc_hd__mux4_2)
     1    0.01    0.09    0.49    1.63 v _6884_/X (sky130_fd_sc_hd__mux4_2)
                                         _3680_ (net)
                  0.09    0.00    1.63 v _6887_/A2 (sky130_fd_sc_hd__mux4_2)
     1    0.01    0.11    0.52    2.16 v _6887_/X (sky130_fd_sc_hd__mux4_2)
                                         _3683_ (net)
                  0.11    0.00    2.16 v _6888_/B (sky130_fd_sc_hd__nor2_4)
     1    0.01    0.12    0.12    2.28 ^ _6888_/Y (sky130_fd_sc_hd__nor2_4)
                                         _3684_ (net)
                  0.12    0.00    2.28 ^ _6892_/B (sky130_fd_sc_hd__nor3_4)
     2    0.04    0.11    0.09    2.37 v _6892_/Y (sky130_fd_sc_hd__nor3_4)
                                         net164 (net)
                  0.11    0.00    2.38 v _6894_/A1 (sky130_fd_sc_hd__mux2_4)
     2    0.02    0.08    0.32    2.70 v _6894_/X (sky130_fd_sc_hd__mux2_4)
                                         _3689_ (net)
                  0.08    0.00    2.70 v _6895_/B (sky130_fd_sc_hd__xnor2_4)
     2    0.01    0.13    0.14    2.84 v _6895_/Y (sky130_fd_sc_hd__xnor2_4)
                                         _3690_ (net)
                  0.13    0.00    2.84 v dp.alu.sum\\ALU_33_0_33_0_33_unused_CO_X_HAN_CARLSON/_283_/A (sky130_fd_sc_hd__fa_2)
     2    0.01    0.09    0.45    3.28 v dp.alu.sum\\ALU_33_0_33_0_33_unused_CO_X_HAN_CARLSON/_283_/COUT (sky130_fd_sc_hd__fa_2)
                                         dp.alu.sum\\ALU_33_0_33_0_33_unused_CO_X_HAN_CARLSON/_031_ (net)
                  0.09    0.00    3.28 v dp.alu.sum\\ALU_33_0_33_0_33_unused_CO_X_HAN_CARLSON/_284_/B (sky130_fd_sc_hd__fa_2)
     2    0.01    0.07    0.38    3.66 v dp.alu.sum\\ALU_33_0_33_0_33_unused_CO_X_HAN_CARLSON/_284_/COUT (sky130_fd_sc_hd__fa_2)
                                         dp.alu.sum\\ALU_33_0_33_0_33_unused_CO_X_HAN_CARLSON/_032_ (net)
                  0.07    0.00    3.66 v dp.alu.sum\\ALU_33_0_33_0_33_unused_CO_X_HAN_CARLSON/_521_/A1 (sky130_fd_sc_hd__a31oi_1)
     1    0.00    0.14    0.15    3.81 ^ dp.alu.sum\\ALU_33_0_33_0_33_unused_CO_X_HAN_CARLSON/_521_/Y (sky130_fd_sc_hd__a31oi_1)
                                         dp.alu.sum\\ALU_33_0_33_0_33_unused_CO_X_HAN_CARLSON/_246_ (net)
                  0.14    0.00    3.81 ^ dp.alu.sum\\ALU_33_0_33_0_33_unused_CO_X_HAN_CARLSON/place1107/A (sky130_fd_sc_hd__buf_4)
     3    0.03    0.10    0.18    3.99 ^ dp.alu.sum\\ALU_33_0_33_0_33_unused_CO_X_HAN_CARLSON/place1107/X (sky130_fd_sc_hd__buf_4)
                                         dp.alu.sum\\ALU_33_0_33_0_33_unused_CO_X_HAN_CARLSON/net1103 (net)
                  0.10    0.00    3.99 ^ dp.alu.sum\\ALU_33_0_33_0_33_unused_CO_X_HAN_CARLSON/_530_/A1 (sky130_fd_sc_hd__o21ai_4)
     2    0.02    0.07    0.09    4.08 v dp.alu.sum\\ALU_33_0_33_0_33_unused_CO_X_HAN_CARLSON/_530_/Y (sky130_fd_sc_hd__o21ai_4)
                                         dp.alu.sum\\ALU_33_0_33_0_33_unused_CO_X_HAN_CARLSON/_253_ (net)
                  0.07    0.00    4.08 v dp.alu.sum\\ALU_33_0_33_0_33_unused_CO_X_HAN_CARLSON/place1080/A (sky130_fd_sc_hd__buf_6)
     2    0.01    0.03    0.13    4.21 v dp.alu.sum\\ALU_33_0_33_0_33_unused_CO_X_HAN_CARLSON/place1080/X (sky130_fd_sc_hd__buf_6)
                                         dp.alu.sum\\ALU_33_0_33_0_33_unused_CO_X_HAN_CARLSON/net1076 (net)
                  0.03    0.00    4.21 v dp.alu.sum\\ALU_33_0_33_0_33_unused_CO_X_HAN_CARLSON/_329_/A1 (sky130_fd_sc_hd__a31oi_4)
     1    0.01    0.13    0.12    4.34 ^ dp.alu.sum\\ALU_33_0_33_0_33_unused_CO_X_HAN_CARLSON/_329_/Y (sky130_fd_sc_hd__a31oi_4)
                                         dp.alu.sum\\ALU_33_0_33_0_33_unused_CO_X_HAN_CARLSON/_075_ (net)
                  0.13    0.00    4.34 ^ dp.alu.sum\\ALU_33_0_33_0_33_unused_CO_X_HAN_CARLSON/place1064/A (sky130_fd_sc_hd__buf_6)
     3    0.03    0.06    0.14    4.48 ^ dp.alu.sum\\ALU_33_0_33_0_33_unused_CO_X_HAN_CARLSON/place1064/X (sky130_fd_sc_hd__buf_6)
                                         dp.alu.sum\\ALU_33_0_33_0_33_unused_CO_X_HAN_CARLSON/net1060 (net)
                  0.06    0.00    4.48 ^ dp.alu.sum\\ALU_33_0_33_0_33_unused_CO_X_HAN_CARLSON/_461_/B2 (sky130_fd_sc_hd__o221ai_4)
     1    0.00    0.11    0.09    4.57 v dp.alu.sum\\ALU_33_0_33_0_33_unused_CO_X_HAN_CARLSON/_461_/Y (sky130_fd_sc_hd__o221ai_4)
                                         dp.alu.sum\\ALU_33_0_33_0_33_unused_CO_X_HAN_CARLSON/_191_ (net)
                  0.11    0.00    4.57 v dp.alu.sum\\ALU_33_0_33_0_33_unused_CO_X_HAN_CARLSON/_462_/B (sky130_fd_sc_hd__xor2_1)
     1    0.00    0.06    0.16    4.72 v dp.alu.sum\\ALU_33_0_33_0_33_unused_CO_X_HAN_CARLSON/_462_/X (sky130_fd_sc_hd__xor2_1)
                                         dp.alu.sum[30] (net)
                  0.06    0.00    4.72 v _6052_/A (sky130_fd_sc_hd__nand2_1)
     1    0.01    0.10    0.07    4.80 ^ _6052_/Y (sky130_fd_sc_hd__nand2_1)
                                         _2898_ (net)
                  0.10    0.00    4.80 ^ _6054_/C1 (sky130_fd_sc_hd__o221ai_2)
     1    0.01    0.15    0.12    4.92 v _6054_/Y (sky130_fd_sc_hd__o221ai_2)
                                         _2900_ (net)
                  0.15    0.00    4.92 v _6089_/A2 (sky130_fd_sc_hd__a22o_1)
     2    0.01    0.09    0.32    5.24 v _6089_/X (sky130_fd_sc_hd__a22o_1)
                                         net120 (net)
                  0.09    0.00    5.24 v output124/A (sky130_fd_sc_hd__buf_2)
     1    0.00    0.02    0.13    5.37 v output124/X (sky130_fd_sc_hd__buf_2)
                                         aluout[30] (net)
                  0.02    0.00    5.37 v aluout[30] (out)
                                  5.37   data arrival time

                          6.00    6.00   clock clk (rise edge)
                          0.00    6.00   clock network delay (propagated)
                          0.00    6.00   clock reconvergence pessimism
                         -1.20    4.80   output external delay
                                  4.80   data required time
-----------------------------------------------------------------------------
                                  4.80   data required time
                                 -5.37   data arrival time
-----------------------------------------------------------------------------
                                 -0.57   slack (VIOLATED)



==========================================================================
finish report_checks -unconstrained
--------------------------------------------------------------------------
Startpoint: dp.rf.rf[15][0]$_DFFE_PP_
            (rising edge-triggered flip-flop clocked by clk)
Endpoint: aluout[30] (output port clocked by clk)
Path Group: clk
Path Type: max

Fanout     Cap    Slew   Delay    Time   Description
-----------------------------------------------------------------------------
                          0.00    0.00   clock clk (rise edge)
                          0.00    0.00   clock source latency
     1    0.06    0.00    0.00    0.00 ^ clk (in)
                                         clk (net)
                  0.00    0.00    0.00 ^ clkbuf_0_clk/A (sky130_fd_sc_hd__clkbuf_16)
     8    0.18    0.19    0.23    0.23 ^ clkbuf_0_clk/X (sky130_fd_sc_hd__clkbuf_16)
                                         clknet_0_clk (net)
                  0.19    0.01    0.23 ^ clkbuf_3_1__f_clk/A (sky130_fd_sc_hd__clkbuf_16)
    14    0.22    0.23    0.32    0.55 ^ clkbuf_3_1__f_clk/X (sky130_fd_sc_hd__clkbuf_16)
                                         clknet_3_1__leaf_clk (net)
                  0.23    0.01    0.56 ^ clkbuf_leaf_95_clk/A (sky130_fd_sc_hd__clkbuf_16)
    12    0.03    0.06    0.20    0.76 ^ clkbuf_leaf_95_clk/X (sky130_fd_sc_hd__clkbuf_16)
                                         clknet_leaf_95_clk (net)
                  0.06    0.00    0.76 ^ dp.rf.rf[15][0]$_DFFE_PP_/CLK (sky130_fd_sc_hd__edfxtp_1)
     2    0.01    0.08    0.38    1.14 v dp.rf.rf[15][0]$_DFFE_PP_/Q (sky130_fd_sc_hd__edfxtp_1)
                                         _0367_ (net)
                  0.08    0.00    1.14 v _6884_/A3 (sky130_fd_sc_hd__mux4_2)
     1    0.01    0.09    0.49    1.63 v _6884_/X (sky130_fd_sc_hd__mux4_2)
                                         _3680_ (net)
                  0.09    0.00    1.63 v _6887_/A2 (sky130_fd_sc_hd__mux4_2)
     1    0.01    0.11    0.52    2.16 v _6887_/X (sky130_fd_sc_hd__mux4_2)
                                         _3683_ (net)
                  0.11    0.00    2.16 v _6888_/B (sky130_fd_sc_hd__nor2_4)
     1    0.01    0.12    0.12    2.28 ^ _6888_/Y (sky130_fd_sc_hd__nor2_4)
                                         _3684_ (net)
                  0.12    0.00    2.28 ^ _6892_/B (sky130_fd_sc_hd__nor3_4)
     2    0.04    0.11    0.09    2.37 v _6892_/Y (sky130_fd_sc_hd__nor3_4)
                                         net164 (net)
                  0.11    0.00    2.38 v _6894_/A1 (sky130_fd_sc_hd__mux2_4)
     2    0.02    0.08    0.32    2.70 v _6894_/X (sky130_fd_sc_hd__mux2_4)
                                         _3689_ (net)
                  0.08    0.00    2.70 v _6895_/B (sky130_fd_sc_hd__xnor2_4)
     2    0.01    0.13    0.14    2.84 v _6895_/Y (sky130_fd_sc_hd__xnor2_4)
                                         _3690_ (net)
                  0.13    0.00    2.84 v dp.alu.sum\\ALU_33_0_33_0_33_unused_CO_X_HAN_CARLSON/_283_/A (sky130_fd_sc_hd__fa_2)
     2    0.01    0.09    0.45    3.28 v dp.alu.sum\\ALU_33_0_33_0_33_unused_CO_X_HAN_CARLSON/_283_/COUT (sky130_fd_sc_hd__fa_2)
                                         dp.alu.sum\\ALU_33_0_33_0_33_unused_CO_X_HAN_CARLSON/_031_ (net)
                  0.09    0.00    3.28 v dp.alu.sum\\ALU_33_0_33_0_33_unused_CO_X_HAN_CARLSON/_284_/B (sky130_fd_sc_hd__fa_2)
     2    0.01    0.07    0.38    3.66 v dp.alu.sum\\ALU_33_0_33_0_33_unused_CO_X_HAN_CARLSON/_284_/COUT (sky130_fd_sc_hd__fa_2)
                                         dp.alu.sum\\ALU_33_0_33_0_33_unused_CO_X_HAN_CARLSON/_032_ (net)
                  0.07    0.00    3.66 v dp.alu.sum\\ALU_33_0_33_0_33_unused_CO_X_HAN_CARLSON/_521_/A1 (sky130_fd_sc_hd__a31oi_1)
     1    0.00    0.14    0.15    3.81 ^ dp.alu.sum\\ALU_33_0_33_0_33_unused_CO_X_HAN_CARLSON/_521_/Y (sky130_fd_sc_hd__a31oi_1)
                                         dp.alu.sum\\ALU_33_0_33_0_33_unused_CO_X_HAN_CARLSON/_246_ (net)
                  0.14    0.00    3.81 ^ dp.alu.sum\\ALU_33_0_33_0_33_unused_CO_X_HAN_CARLSON/place1107/A (sky130_fd_sc_hd__buf_4)
     3    0.03    0.10    0.18    3.99 ^ dp.alu.sum\\ALU_33_0_33_0_33_unused_CO_X_HAN_CARLSON/place1107/X (sky130_fd_sc_hd__buf_4)
                                         dp.alu.sum\\ALU_33_0_33_0_33_unused_CO_X_HAN_CARLSON/net1103 (net)
                  0.10    0.00    3.99 ^ dp.alu.sum\\ALU_33_0_33_0_33_unused_CO_X_HAN_CARLSON/_530_/A1 (sky130_fd_sc_hd__o21ai_4)
     2    0.02    0.07    0.09    4.08 v dp.alu.sum\\ALU_33_0_33_0_33_unused_CO_X_HAN_CARLSON/_530_/Y (sky130_fd_sc_hd__o21ai_4)
                                         dp.alu.sum\\ALU_33_0_33_0_33_unused_CO_X_HAN_CARLSON/_253_ (net)
                  0.07    0.00    4.08 v dp.alu.sum\\ALU_33_0_33_0_33_unused_CO_X_HAN_CARLSON/place1080/A (sky130_fd_sc_hd__buf_6)
     2    0.01    0.03    0.13    4.21 v dp.alu.sum\\ALU_33_0_33_0_33_unused_CO_X_HAN_CARLSON/place1080/X (sky130_fd_sc_hd__buf_6)
                                         dp.alu.sum\\ALU_33_0_33_0_33_unused_CO_X_HAN_CARLSON/net1076 (net)
                  0.03    0.00    4.21 v dp.alu.sum\\ALU_33_0_33_0_33_unused_CO_X_HAN_CARLSON/_329_/A1 (sky130_fd_sc_hd__a31oi_4)
     1    0.01    0.13    0.12    4.34 ^ dp.alu.sum\\ALU_33_0_33_0_33_unused_CO_X_HAN_CARLSON/_329_/Y (sky130_fd_sc_hd__a31oi_4)
                                         dp.alu.sum\\ALU_33_0_33_0_33_unused_CO_X_HAN_CARLSON/_075_ (net)
                  0.13    0.00    4.34 ^ dp.alu.sum\\ALU_33_0_33_0_33_unused_CO_X_HAN_CARLSON/place1064/A (sky130_fd_sc_hd__buf_6)
     3    0.03    0.06    0.14    4.48 ^ dp.alu.sum\\ALU_33_0_33_0_33_unused_CO_X_HAN_CARLSON/place1064/X (sky130_fd_sc_hd__buf_6)
                                         dp.alu.sum\\ALU_33_0_33_0_33_unused_CO_X_HAN_CARLSON/net1060 (net)
                  0.06    0.00    4.48 ^ dp.alu.sum\\ALU_33_0_33_0_33_unused_CO_X_HAN_CARLSON/_461_/B2 (sky130_fd_sc_hd__o221ai_4)
     1    0.00    0.11    0.09    4.57 v dp.alu.sum\\ALU_33_0_33_0_33_unused_CO_X_HAN_CARLSON/_461_/Y (sky130_fd_sc_hd__o221ai_4)
                                         dp.alu.sum\\ALU_33_0_33_0_33_unused_CO_X_HAN_CARLSON/_191_ (net)
                  0.11    0.00    4.57 v dp.alu.sum\\ALU_33_0_33_0_33_unused_CO_X_HAN_CARLSON/_462_/B (sky130_fd_sc_hd__xor2_1)
     1    0.00    0.06    0.16    4.72 v dp.alu.sum\\ALU_33_0_33_0_33_unused_CO_X_HAN_CARLSON/_462_/X (sky130_fd_sc_hd__xor2_1)
                                         dp.alu.sum[30] (net)
                  0.06    0.00    4.72 v _6052_/A (sky130_fd_sc_hd__nand2_1)
     1    0.01    0.10    0.07    4.80 ^ _6052_/Y (sky130_fd_sc_hd__nand2_1)
                                         _2898_ (net)
                  0.10    0.00    4.80 ^ _6054_/C1 (sky130_fd_sc_hd__o221ai_2)
     1    0.01    0.15    0.12    4.92 v _6054_/Y (sky130_fd_sc_hd__o221ai_2)
                                         _2900_ (net)
                  0.15    0.00    4.92 v _6089_/A2 (sky130_fd_sc_hd__a22o_1)
     2    0.01    0.09    0.32    5.24 v _6089_/X (sky130_fd_sc_hd__a22o_1)
                                         net120 (net)
                  0.09    0.00    5.24 v output124/A (sky130_fd_sc_hd__buf_2)
     1    0.00    0.02    0.13    5.37 v output124/X (sky130_fd_sc_hd__buf_2)
                                         aluout[30] (net)
                  0.02    0.00    5.37 v aluout[30] (out)
                                  5.37   data arrival time

                          6.00    6.00   clock clk (rise edge)
                          0.00    6.00   clock network delay (propagated)
                          0.00    6.00   clock reconvergence pessimism
                         -1.20    4.80   output external delay
                                  4.80   data required time
-----------------------------------------------------------------------------
                                  4.80   data required time
                                 -5.37   data arrival time
-----------------------------------------------------------------------------
                                 -0.57   slack (VIOLATED)



==========================================================================
finish report_check_types -max_slew -max_cap -max_fanout -violators
--------------------------------------------------------------------------

==========================================================================
finish max_slew_check_slack
--------------------------------------------------------------------------
0.24937918782234192

==========================================================================
finish max_slew_check_limit
--------------------------------------------------------------------------
1.5

==========================================================================
finish max_slew_check_slack_limit
--------------------------------------------------------------------------
0.1663

==========================================================================
finish max_fanout_check_slack
--------------------------------------------------------------------------
1.0000000150474662e+30

==========================================================================
finish max_fanout_check_limit
--------------------------------------------------------------------------
1.0000000150474662e+30

==========================================================================
finish max_capacitance_check_slack
--------------------------------------------------------------------------
0.01516873762011528

==========================================================================
finish max_capacitance_check_limit
--------------------------------------------------------------------------
0.021067000925540924

==========================================================================
finish max_capacitance_check_slack_limit
--------------------------------------------------------------------------
0.7200

==========================================================================
finish max_slew_violation_count
--------------------------------------------------------------------------
max slew violation count 0

==========================================================================
finish max_fanout_violation_count
--------------------------------------------------------------------------
max fanout violation count 0

==========================================================================
finish max_cap_violation_count
--------------------------------------------------------------------------
max cap violation count 0

==========================================================================
finish setup_violation_count
--------------------------------------------------------------------------
setup violation count 31

==========================================================================
finish hold_violation_count
--------------------------------------------------------------------------
hold violation count 0

==========================================================================
finish report_checks -path_delay max reg to reg
--------------------------------------------------------------------------
Startpoint: dp.rf.rf[15][0]$_DFFE_PP_
            (rising edge-triggered flip-flop clocked by clk)
Endpoint: dp.rf.rf[30][14]$_DFFE_PP_
          (rising edge-triggered flip-flop clocked by clk)
Path Group: clk
Path Type: max

  Delay    Time   Description
---------------------------------------------------------
   0.00    0.00   clock clk (rise edge)
   0.00    0.00   clock source latency
   0.00    0.00 ^ clk (in)
   0.23    0.23 ^ clkbuf_0_clk/X (sky130_fd_sc_hd__clkbuf_16)
   0.33    0.55 ^ clkbuf_3_1__f_clk/X (sky130_fd_sc_hd__clkbuf_16)
   0.21    0.76 ^ clkbuf_leaf_95_clk/X (sky130_fd_sc_hd__clkbuf_16)
   0.00    0.76 ^ dp.rf.rf[15][0]$_DFFE_PP_/CLK (sky130_fd_sc_hd__edfxtp_1)
   0.38    1.14 v dp.rf.rf[15][0]$_DFFE_PP_/Q (sky130_fd_sc_hd__edfxtp_1)
   0.49    1.63 v _6884_/X (sky130_fd_sc_hd__mux4_2)
   0.52    2.16 v _6887_/X (sky130_fd_sc_hd__mux4_2)
   0.12    2.28 ^ _6888_/Y (sky130_fd_sc_hd__nor2_4)
   0.09    2.37 v _6892_/Y (sky130_fd_sc_hd__nor3_4)
   0.32    2.70 v _6894_/X (sky130_fd_sc_hd__mux2_4)
   0.14    2.84 v _6895_/Y (sky130_fd_sc_hd__xnor2_4)
   0.45    3.28 v dp.alu.sum\\ALU_33_0_33_0_33_unused_CO_X_HAN_CARLSON/_283_/COUT (sky130_fd_sc_hd__fa_2)
   0.38    3.66 v dp.alu.sum\\ALU_33_0_33_0_33_unused_CO_X_HAN_CARLSON/_284_/COUT (sky130_fd_sc_hd__fa_2)
   0.15    3.81 ^ dp.alu.sum\\ALU_33_0_33_0_33_unused_CO_X_HAN_CARLSON/_521_/Y (sky130_fd_sc_hd__a31oi_1)
   0.18    3.99 ^ dp.alu.sum\\ALU_33_0_33_0_33_unused_CO_X_HAN_CARLSON/place1107/X (sky130_fd_sc_hd__buf_4)
   0.09    4.08 v dp.alu.sum\\ALU_33_0_33_0_33_unused_CO_X_HAN_CARLSON/_530_/Y (sky130_fd_sc_hd__o21ai_4)
   0.13    4.21 v dp.alu.sum\\ALU_33_0_33_0_33_unused_CO_X_HAN_CARLSON/place1080/X (sky130_fd_sc_hd__buf_6)
   0.12    4.34 ^ dp.alu.sum\\ALU_33_0_33_0_33_unused_CO_X_HAN_CARLSON/_329_/Y (sky130_fd_sc_hd__a31oi_4)
   0.14    4.48 ^ dp.alu.sum\\ALU_33_0_33_0_33_unused_CO_X_HAN_CARLSON/place1064/X (sky130_fd_sc_hd__buf_6)
   0.11    4.59 ^ dp.alu.sum\\ALU_33_0_33_0_33_unused_CO_X_HAN_CARLSON/rebuffer1930/X (sky130_fd_sc_hd__buf_4)
   0.05    4.64 v dp.alu.sum\\ALU_33_0_33_0_33_unused_CO_X_HAN_CARLSON/_330_/Y (sky130_fd_sc_hd__xnor2_2)
   0.31    4.96 ^ _6494_/Y (sky130_fd_sc_hd__a211oi_2)
   0.18    5.13 v _6495_/Y (sky130_fd_sc_hd__o32ai_4)
   0.21    5.35 v rebuffer1814/X (sky130_fd_sc_hd__buf_4)
   0.12    5.47 v place1025/X (sky130_fd_sc_hd__buf_4)
   0.27    5.74 ^ _6496_/Y (sky130_fd_sc_hd__nor3_2)
   0.22    5.95 ^ place1006/X (sky130_fd_sc_hd__buf_4)
   0.07    6.03 v _6499_/Y (sky130_fd_sc_hd__nor3_2)
   0.20    6.23 v place986/X (sky130_fd_sc_hd__buf_12)
   0.01    6.24 v dp.rf.rf[30][14]$_DFFE_PP_/D (sky130_fd_sc_hd__edfxtp_1)
           6.24   data arrival time

   6.00    6.00   clock clk (rise edge)
   0.00    6.00   clock source latency
   0.00    6.00 ^ clk (in)
   0.23    6.23 ^ clkbuf_0_clk/X (sky130_fd_sc_hd__clkbuf_16)
   0.27    6.50 ^ clkbuf_3_6__f_clk/X (sky130_fd_sc_hd__clkbuf_16)
   0.18    6.68 ^ clkbuf_leaf_85_clk/X (sky130_fd_sc_hd__clkbuf_16)
   0.00    6.68 ^ dp.rf.rf[30][14]$_DFFE_PP_/CLK (sky130_fd_sc_hd__edfxtp_1)
   0.00    6.68   clock reconvergence pessimism
  -0.26    6.43   library setup time
           6.43   data required time
---------------------------------------------------------
           6.43   data required time
          -6.24   data arrival time
---------------------------------------------------------
           0.18   slack (MET)



==========================================================================
finish report_checks -path_delay min reg to reg
--------------------------------------------------------------------------
Startpoint: dp.pcreg.q[2]$_DFF_PP0_
            (rising edge-triggered flip-flop clocked by clk)
Endpoint: dp.pcreg.q[2]$_DFF_PP0_
          (rising edge-triggered flip-flop clocked by clk)
Path Group: clk
Path Type: min

  Delay    Time   Description
---------------------------------------------------------
   0.00    0.00   clock clk (rise edge)
   0.00    0.00   clock source latency
   0.00    0.00 ^ clk (in)
   0.23    0.23 ^ clkbuf_0_clk/X (sky130_fd_sc_hd__clkbuf_16)
   0.33    0.56 ^ clkbuf_3_5__f_clk/X (sky130_fd_sc_hd__clkbuf_16)
   0.22    0.77 ^ clkbuf_leaf_57_clk/X (sky130_fd_sc_hd__clkbuf_16)
   0.00    0.78 ^ dp.pcreg.q[2]$_DFF_PP0_/CLK (sky130_fd_sc_hd__dfrtp_1)
   0.43    1.20 ^ dp.pcreg.q[2]$_DFF_PP0_/Q (sky130_fd_sc_hd__dfrtp_1)
   0.10    1.30 v _6814_/Y (sky130_fd_sc_hd__mux2i_1)
   0.00    1.30 v dp.pcreg.q[2]$_DFF_PP0_/D (sky130_fd_sc_hd__dfrtp_1)
           1.30   data arrival time

   0.00    0.00   clock clk (rise edge)
   0.00    0.00   clock source latency
   0.00    0.00 ^ clk (in)
   0.23    0.23 ^ clkbuf_0_clk/X (sky130_fd_sc_hd__clkbuf_16)
   0.33    0.56 ^ clkbuf_3_5__f_clk/X (sky130_fd_sc_hd__clkbuf_16)
   0.22    0.77 ^ clkbuf_leaf_57_clk/X (sky130_fd_sc_hd__clkbuf_16)
   0.00    0.78 ^ dp.pcreg.q[2]$_DFF_PP0_/CLK (sky130_fd_sc_hd__dfrtp_1)
   0.00    0.78   clock reconvergence pessimism
  -0.04    0.74   library hold time
           0.74   data required time
---------------------------------------------------------
           0.74   data required time
          -1.30   data arrival time
---------------------------------------------------------
           0.56   slack (MET)



==========================================================================
finish critical path target clock latency max path
--------------------------------------------------------------------------
0

==========================================================================
finish critical path target clock latency min path
--------------------------------------------------------------------------
0

==========================================================================
finish critical path source clock latency min path
--------------------------------------------------------------------------
0

==========================================================================
finish critical path delay
--------------------------------------------------------------------------
5.3733

==========================================================================
finish critical path slack
--------------------------------------------------------------------------
-0.5733

==========================================================================
finish slack div critical path delay
--------------------------------------------------------------------------
-10.669421

==========================================================================
finish report_power
--------------------------------------------------------------------------
Group                  Internal  Switching    Leakage      Total
                          Power      Power      Power      Power (Watts)
----------------------------------------------------------------
Sequential             8.84e-03   1.81e-04   9.69e-09   9.02e-03  37.5%
Combinational          3.44e-03   4.73e-03   1.71e-08   8.17e-03  33.9%
Clock                  3.83e-03   3.04e-03   1.73e-09   6.87e-03  28.6%
Macro                  0.00e+00   0.00e+00   0.00e+00   0.00e+00   0.0%
Pad                    0.00e+00   0.00e+00   0.00e+00   0.00e+00   0.0%
----------------------------------------------------------------
Total                  1.61e-02   7.95e-03   2.86e-08   2.41e-02 100.0%
                          67.0%      33.0%       0.0%
